a: 0 edge(s) in 2 edge(s) out
b: 2 edge(s) in 1 edge(s) out
c: 2 edge(s) in 1 edge(s) out
