3.141593
Hello, World!
a: 0 edge(s) in 0 edge(s) out
